--------------------------------------------------------------------------------
Release 10.1.03 Trace  (lin64)
Copyright (c) 1995-2008 Xilinx, Inc.  All rights reserved.

/afs/csail.mit.edu/proj/redsocs/Xilinx10.1/ISE/bin/lin64/unwrapped/trce -ise
/afs/athena.mit.edu/user/z/k/zklawans/Desktop/6.111/FinalProject/GitHub/ProjectedPiano/final_project/final_project.ise
-intstyle ise -v 3 -s 4 -xml lab3 lab3.ncd -o lab3.twr lab3.pcf -ucf labkit.ucf

Design file:              lab3.ncd
Physical constraint file: lab3.pcf
Device,package,speed:     xc2v6000,bf957,-4 (PRODUCTION 1.121 2008-07-25, STEPPING level 0)
Report level:             verbose report

Environment Variable      Effect 
--------------------      ------ 
NONE                      No environment variables were set
--------------------------------------------------------------------------------

INFO:Timing:2698 - No timing constraints found, doing default enumeration.
INFO:Timing:2752 - To get complete path coverage, use the unconstrained paths 
   option. All paths that are not constrained will be reported in the 
   unconstrained paths section(s) of the report.
INFO:Timing:3339 - The clock-to-out numbers in this timing report are based on 
   a 50 Ohm transmission line loading model.  For the details of this model, 
   and for more information on accounting for different loading conditions, 
   please see the device datasheet.



Data Sheet report:
-----------------
All values displayed in nanoseconds (ns)

Setup/Hold to clock clock_27mhz
------------+------------+------------+------------------+--------+
            |  Setup to  |  Hold to   |                  | Clock  |
Source      | clk (edge) | clk (edge) |Internal Clock(s) | Phase  |
------------+------------+------------+------------------+--------+
button0     |    0.386(R)|    2.828(R)|clock_65mhz       |   0.000|
button1     |   -0.528(R)|    2.760(R)|clock_65mhz       |   0.000|
button2     |   -1.025(R)|    3.467(R)|clock_65mhz       |   0.000|
button3     |   -1.498(R)|    3.342(R)|clock_65mhz       |   0.000|
button_down |   -1.221(R)|    2.650(R)|clock_65mhz       |   0.000|
button_enter|   -1.896(R)|    3.644(R)|clock_65mhz       |   0.000|
button_left |   -0.942(R)|    3.618(R)|clock_65mhz       |   0.000|
button_right|   -0.771(R)|    2.761(R)|clock_65mhz       |   0.000|
button_up   |   -1.281(R)|    2.978(R)|clock_65mhz       |   0.000|
switch<0>   |    3.300(R)|    0.280(R)|clock_65mhz       |   0.000|
switch<1>   |    3.923(R)|    1.195(R)|clock_65mhz       |   0.000|
switch<2>   |   -2.379(R)|    2.624(R)|clock_65mhz       |   0.000|
switch<3>   |   -1.886(R)|    2.131(R)|clock_65mhz       |   0.000|
switch<4>   |   -1.668(R)|    1.913(R)|clock_65mhz       |   0.000|
switch<5>   |   -2.334(R)|    2.579(R)|clock_65mhz       |   0.000|
switch<6>   |    1.560(R)|   -1.315(R)|clock_65mhz       |   0.000|
switch<7>   |   -3.371(R)|    3.616(R)|clock_65mhz       |   0.000|
------------+------------+------------+------------------+--------+

Clock clock_27mhz to Pad
----------------+------------+------------------+--------+
                | clk (edge) |                  | Clock  |
Destination     |   to PAD   |Internal Clock(s) | Phase  |
----------------+------------+------------------+--------+
vga_out_blank_b |   12.333(R)|clock_65mhz       |   0.000|
vga_out_blue<0> |   14.714(R)|clock_65mhz       |   0.000|
vga_out_blue<1> |   15.032(R)|clock_65mhz       |   0.000|
vga_out_blue<2> |   13.552(R)|clock_65mhz       |   0.000|
vga_out_blue<3> |   13.116(R)|clock_65mhz       |   0.000|
vga_out_blue<4> |   13.400(R)|clock_65mhz       |   0.000|
vga_out_blue<5> |   13.095(R)|clock_65mhz       |   0.000|
vga_out_blue<6> |   12.172(R)|clock_65mhz       |   0.000|
vga_out_blue<7> |   12.471(R)|clock_65mhz       |   0.000|
vga_out_green<0>|   12.975(R)|clock_65mhz       |   0.000|
vga_out_green<1>|   15.472(R)|clock_65mhz       |   0.000|
vga_out_green<2>|   12.202(R)|clock_65mhz       |   0.000|
vga_out_green<3>|   12.662(R)|clock_65mhz       |   0.000|
vga_out_green<4>|   16.718(R)|clock_65mhz       |   0.000|
vga_out_green<5>|   15.812(R)|clock_65mhz       |   0.000|
vga_out_green<6>|   17.019(R)|clock_65mhz       |   0.000|
vga_out_green<7>|   15.789(R)|clock_65mhz       |   0.000|
vga_out_hsync   |   11.655(R)|clock_65mhz       |   0.000|
vga_out_red<0>  |   13.919(R)|clock_65mhz       |   0.000|
vga_out_red<1>  |   13.824(R)|clock_65mhz       |   0.000|
vga_out_red<2>  |   14.230(R)|clock_65mhz       |   0.000|
vga_out_red<3>  |   14.223(R)|clock_65mhz       |   0.000|
vga_out_red<4>  |   15.148(R)|clock_65mhz       |   0.000|
vga_out_red<5>  |   13.893(R)|clock_65mhz       |   0.000|
vga_out_red<6>  |   15.438(R)|clock_65mhz       |   0.000|
vga_out_red<7>  |   15.136(R)|clock_65mhz       |   0.000|
vga_out_vsync   |   11.921(R)|clock_65mhz       |   0.000|
----------------+------------+------------------+--------+

Clock to Setup on destination clock clock_27mhz
---------------+---------+---------+---------+---------+
               | Src:Rise| Src:Fall| Src:Rise| Src:Fall|
Source Clock   |Dest:Rise|Dest:Rise|Dest:Fall|Dest:Fall|
---------------+---------+---------+---------+---------+
clock_27mhz    |   12.455|         |         |         |
---------------+---------+---------+---------+---------+

Pad to Pad
---------------+-------------------+---------+
Source Pad     |Destination Pad    |  Delay  |
---------------+-------------------+---------+
clock_27mhz    |vga_out_pixel_clock|   11.446|
switch<0>      |led<0>             |    6.389|
switch<1>      |led<1>             |    8.032|
switch<2>      |led<2>             |    6.636|
switch<3>      |led<3>             |    7.660|
switch<4>      |led<4>             |    7.065|
switch<5>      |led<5>             |    7.519|
switch<6>      |led<6>             |   10.879|
switch<7>      |led<7>             |    8.351|
---------------+-------------------+---------+


Analysis completed Tue Nov 28 17:42:41 2017 
--------------------------------------------------------------------------------

Trace Settings:
-------------------------
Trace Settings 

Peak Memory Usage: 358 MB



