--------------------------------------------------------------------------------
Release 10.1.03 Trace  (lin64)
Copyright (c) 1995-2008 Xilinx, Inc.  All rights reserved.

/afs/csail.mit.edu/proj/redsocs/Xilinx10.1/ISE/bin/lin64/unwrapped/trce -ise
/afs/athena.mit.edu/user/z/k/zklawans/Desktop/6.111/FinalProject/GitHub/ProjectedPiano/final_project/final_project.ise
-intstyle ise -v 3 -s 4 -xml lab3 lab3.ncd -o lab3.twr lab3.pcf -ucf labkit.ucf

Design file:              lab3.ncd
Physical constraint file: lab3.pcf
Device,package,speed:     xc2v6000,bf957,-4 (PRODUCTION 1.121 2008-07-25, STEPPING level 0)
Report level:             verbose report

Environment Variable      Effect 
--------------------      ------ 
NONE                      No environment variables were set
--------------------------------------------------------------------------------

INFO:Timing:2698 - No timing constraints found, doing default enumeration.
INFO:Timing:2752 - To get complete path coverage, use the unconstrained paths 
   option. All paths that are not constrained will be reported in the 
   unconstrained paths section(s) of the report.
INFO:Timing:3339 - The clock-to-out numbers in this timing report are based on 
   a 50 Ohm transmission line loading model.  For the details of this model, 
   and for more information on accounting for different loading conditions, 
   please see the device datasheet.



Data Sheet report:
-----------------
All values displayed in nanoseconds (ns)

Setup/Hold to clock clock_27mhz
------------+------------+------------+------------------+--------+
            |  Setup to  |  Hold to   |                  | Clock  |
Source      | clk (edge) | clk (edge) |Internal Clock(s) | Phase  |
------------+------------+------------+------------------+--------+
button0     |    0.377(R)|    2.331(R)|clock_65mhz       |   0.000|
button1     |    0.027(R)|    2.567(R)|clock_65mhz       |   0.000|
button2     |   -0.565(R)|    2.453(R)|clock_65mhz       |   0.000|
button3     |    0.190(R)|    2.875(R)|clock_65mhz       |   0.000|
button_down |   -0.492(R)|    2.477(R)|clock_65mhz       |   0.000|
button_enter|    0.138(R)|    2.478(R)|clock_65mhz       |   0.000|
button_left |    0.378(R)|    2.397(R)|clock_65mhz       |   0.000|
button_right|   -0.003(R)|    2.305(R)|clock_65mhz       |   0.000|
button_up   |   -0.850(R)|    2.211(R)|clock_65mhz       |   0.000|
switch<0>   |    4.826(R)|   -1.029(R)|clock_65mhz       |   0.000|
switch<1>   |    4.094(R)|   -0.360(R)|clock_65mhz       |   0.000|
switch<2>   |   -0.935(R)|    1.180(R)|clock_65mhz       |   0.000|
switch<3>   |   -0.990(R)|    1.235(R)|clock_65mhz       |   0.000|
switch<4>   |   -1.008(R)|    1.253(R)|clock_65mhz       |   0.000|
switch<5>   |   -1.193(R)|    1.438(R)|clock_65mhz       |   0.000|
switch<6>   |   -0.569(R)|    0.814(R)|clock_65mhz       |   0.000|
switch<7>   |   -0.704(R)|    0.949(R)|clock_65mhz       |   0.000|
------------+------------+------------+------------------+--------+

Clock clock_27mhz to Pad
----------------+------------+------------------+--------+
                | clk (edge) |                  | Clock  |
Destination     |   to PAD   |Internal Clock(s) | Phase  |
----------------+------------+------------------+--------+
vga_out_blank_b |   11.869(R)|clock_65mhz       |   0.000|
vga_out_blue<0> |   12.715(R)|clock_65mhz       |   0.000|
vga_out_blue<1> |   12.733(R)|clock_65mhz       |   0.000|
vga_out_blue<2> |   12.265(R)|clock_65mhz       |   0.000|
vga_out_blue<3> |   11.807(R)|clock_65mhz       |   0.000|
vga_out_blue<4> |   11.784(R)|clock_65mhz       |   0.000|
vga_out_blue<5> |   12.081(R)|clock_65mhz       |   0.000|
vga_out_blue<6> |   13.016(R)|clock_65mhz       |   0.000|
vga_out_blue<7> |   13.315(R)|clock_65mhz       |   0.000|
vga_out_green<0>|   12.049(R)|clock_65mhz       |   0.000|
vga_out_green<1>|   14.852(R)|clock_65mhz       |   0.000|
vga_out_green<2>|   12.963(R)|clock_65mhz       |   0.000|
vga_out_green<3>|   12.356(R)|clock_65mhz       |   0.000|
vga_out_green<4>|   16.413(R)|clock_65mhz       |   0.000|
vga_out_green<5>|   15.500(R)|clock_65mhz       |   0.000|
vga_out_green<6>|   16.105(R)|clock_65mhz       |   0.000|
vga_out_green<7>|   15.170(R)|clock_65mhz       |   0.000|
vga_out_hsync   |   11.608(R)|clock_65mhz       |   0.000|
vga_out_red<0>  |   12.555(R)|clock_65mhz       |   0.000|
vga_out_red<1>  |   12.228(R)|clock_65mhz       |   0.000|
vga_out_red<2>  |   12.866(R)|clock_65mhz       |   0.000|
vga_out_red<3>  |   12.859(R)|clock_65mhz       |   0.000|
vga_out_red<4>  |   14.405(R)|clock_65mhz       |   0.000|
vga_out_red<5>  |   13.150(R)|clock_65mhz       |   0.000|
vga_out_red<6>  |   14.695(R)|clock_65mhz       |   0.000|
vga_out_red<7>  |   13.778(R)|clock_65mhz       |   0.000|
vga_out_vsync   |   12.172(R)|clock_65mhz       |   0.000|
----------------+------------+------------------+--------+

Clock to Setup on destination clock clock_27mhz
---------------+---------+---------+---------+---------+
               | Src:Rise| Src:Fall| Src:Rise| Src:Fall|
Source Clock   |Dest:Rise|Dest:Rise|Dest:Fall|Dest:Fall|
---------------+---------+---------+---------+---------+
clock_27mhz    |   13.110|         |         |         |
---------------+---------+---------+---------+---------+

Pad to Pad
---------------+-------------------+---------+
Source Pad     |Destination Pad    |  Delay  |
---------------+-------------------+---------+
clock_27mhz    |vga_out_pixel_clock|   11.446|
switch<0>      |led<0>             |    6.389|
switch<1>      |led<1>             |    7.127|
switch<2>      |led<2>             |    7.739|
switch<3>      |led<3>             |    7.667|
switch<4>      |led<4>             |    7.949|
switch<5>      |led<5>             |    7.782|
switch<6>      |led<6>             |    9.136|
switch<7>      |led<7>             |    9.282|
---------------+-------------------+---------+


Analysis completed Tue Dec  5 16:00:53 2017 
--------------------------------------------------------------------------------

Trace Settings:
-------------------------
Trace Settings 

Peak Memory Usage: 357 MB



