--------------------------------------------------------------------------------
Release 10.1.03 Trace  (lin64)
Copyright (c) 1995-2008 Xilinx, Inc.  All rights reserved.

/afs/csail.mit.edu/proj/redsocs/Xilinx10.1/ISE/bin/lin64/unwrapped/trce -ise
/afs/athena.mit.edu/user/l/c/lc2017/Desktop/6.111_Final_Project/ProjectedPiano/SensorModule/SensorModule.ise
-intstyle ise -v 3 -s 4 -xml labkit labkit.ncd -o labkit.twr labkit.pcf -ucf
labkit.ucf

Design file:              labkit.ncd
Physical constraint file: labkit.pcf
Device,package,speed:     xc2v6000,bf957,-4 (PRODUCTION 1.121 2008-07-25, STEPPING level 0)
Report level:             verbose report

Environment Variable      Effect 
--------------------      ------ 
NONE                      No environment variables were set
--------------------------------------------------------------------------------

INFO:Timing:2698 - No timing constraints found, doing default enumeration.
INFO:Timing:2752 - To get complete path coverage, use the unconstrained paths 
   option. All paths that are not constrained will be reported in the 
   unconstrained paths section(s) of the report.
INFO:Timing:3339 - The clock-to-out numbers in this timing report are based on 
   a 50 Ohm transmission line loading model.  For the details of this model, 
   and for more information on accounting for different loading conditions, 
   please see the device datasheet.



Data Sheet report:
-----------------
All values displayed in nanoseconds (ns)

Setup/Hold to clock clock_27mhz
------------+------------+------------+--------------------+--------+
            |  Setup to  |  Hold to   |                    | Clock  |
Source      | clk (edge) | clk (edge) |Internal Clock(s)   | Phase  |
------------+------------+------------+--------------------+--------+
button0     |    5.086(R)|   -3.087(R)|analyzer3_clock_OBUF|   0.000|
switch<0>   |    5.674(R)|   -3.735(R)|analyzer3_clock_OBUF|   0.000|
user3<0>    |    2.397(R)|   -2.125(R)|analyzer3_clock_OBUF|   0.000|
user3<1>    |    4.005(R)|   -3.733(R)|analyzer3_clock_OBUF|   0.000|
------------+------------+------------+--------------------+--------+

Clock clock_27mhz to Pad
-----------------+------------+--------------------+--------+
                 | clk (edge) |                    | Clock  |
Destination      |   to PAD   |Internal Clock(s)   | Phase  |
-----------------+------------+--------------------+--------+
analyzer3_data<2>|   15.451(R)|analyzer3_clock_OBUF|   0.000|
analyzer3_data<3>|   14.977(R)|analyzer3_clock_OBUF|   0.000|
analyzer3_data<4>|   14.855(R)|analyzer3_clock_OBUF|   0.000|
analyzer3_data<5>|   15.292(R)|analyzer3_clock_OBUF|   0.000|
led<0>           |   17.922(R)|analyzer3_clock_OBUF|   0.000|
led<1>           |   16.009(R)|analyzer3_clock_OBUF|   0.000|
led<2>           |   14.992(R)|analyzer3_clock_OBUF|   0.000|
led<3>           |   15.029(R)|analyzer3_clock_OBUF|   0.000|
user3<0>         |   15.058(R)|analyzer3_clock_OBUF|   0.000|
user3<1>         |   14.423(R)|analyzer3_clock_OBUF|   0.000|
user3<2>         |   14.433(R)|analyzer3_clock_OBUF|   0.000|
-----------------+------------+--------------------+--------+

Clock to Setup on destination clock clock_27mhz
---------------+---------+---------+---------+---------+
               | Src:Rise| Src:Fall| Src:Rise| Src:Fall|
Source Clock   |Dest:Rise|Dest:Rise|Dest:Fall|Dest:Fall|
---------------+---------+---------+---------+---------+
clock_27mhz    |    6.980|         |         |         |
---------------+---------+---------+---------+---------+

Pad to Pad
---------------+-----------------+---------+
Source Pad     |Destination Pad  |  Delay  |
---------------+-----------------+---------+
clock_27mhz    |analyzer3_clock  |    9.905|
user3<0>       |analyzer3_data<0>|   15.215|
user3<1>       |analyzer3_data<1>|   14.394|
---------------+-----------------+---------+


Analysis completed Thu Nov 16 15:54:06 2017 
--------------------------------------------------------------------------------

Trace Settings:
-------------------------
Trace Settings 

Peak Memory Usage: 340 MB



