--------------------------------------------------------------------------------
Release 10.1.03 Trace  (lin64)
Copyright (c) 1995-2008 Xilinx, Inc.  All rights reserved.

/afs/csail.mit.edu/proj/redsocs/Xilinx10.1/ISE/bin/lin64/unwrapped/trce -ise
/afs/athena.mit.edu/user/l/c/lc2017/Desktop/6.111_Final_Project/ProjectedPiano/SensorModule/SensorModule.ise
-intstyle ise -v 3 -s 4 -xml labkit labkit.ncd -o labkit.twr labkit.pcf -ucf
labkit.ucf

Design file:              labkit.ncd
Physical constraint file: labkit.pcf
Device,package,speed:     xc2v6000,bf957,-4 (PRODUCTION 1.121 2008-07-25, STEPPING level 0)
Report level:             verbose report

Environment Variable      Effect 
--------------------      ------ 
NONE                      No environment variables were set
--------------------------------------------------------------------------------

INFO:Timing:2698 - No timing constraints found, doing default enumeration.
INFO:Timing:2752 - To get complete path coverage, use the unconstrained paths 
   option. All paths that are not constrained will be reported in the 
   unconstrained paths section(s) of the report.
INFO:Timing:3339 - The clock-to-out numbers in this timing report are based on 
   a 50 Ohm transmission line loading model.  For the details of this model, 
   and for more information on accounting for different loading conditions, 
   please see the device datasheet.



Data Sheet report:
-----------------
All values displayed in nanoseconds (ns)

Setup/Hold to clock clock_27mhz
------------+------------+------------+------------------+--------+
            |  Setup to  |  Hold to   |                  | Clock  |
Source      | clk (edge) | clk (edge) |Internal Clock(s) | Phase  |
------------+------------+------------+------------------+--------+
button0     |    2.773(R)|   -1.637(R)|clock_27mhz_BUFGP |   0.000|
button1     |    4.385(R)|   -2.517(R)|clock_27mhz_BUFGP |   0.000|
switch<0>   |    5.703(R)|   -3.767(R)|clock_27mhz_BUFGP |   0.000|
user3<0>    |    0.858(R)|   -0.586(R)|clock_27mhz_BUFGP |   0.000|
user3<1>    |    0.492(R)|   -0.220(R)|clock_27mhz_BUFGP |   0.000|
------------+------------+------------+------------------+--------+

Clock clock_27mhz to Pad
------------+------------+------------------+--------+
            | clk (edge) |                  | Clock  |
Destination |   to PAD   |Internal Clock(s) | Phase  |
------------+------------+------------------+--------+
led<0>      |   17.130(R)|clock_27mhz_BUFGP |   0.000|
led<1>      |   15.290(R)|clock_27mhz_BUFGP |   0.000|
led<2>      |   14.741(R)|clock_27mhz_BUFGP |   0.000|
led<3>      |   15.421(R)|clock_27mhz_BUFGP |   0.000|
user3<0>    |   14.072(R)|clock_27mhz_BUFGP |   0.000|
user3<1>    |   13.971(R)|clock_27mhz_BUFGP |   0.000|
user3<2>    |   14.826(R)|clock_27mhz_BUFGP |   0.000|
------------+------------+------------------+--------+

Clock to Setup on destination clock clock_27mhz
---------------+---------+---------+---------+---------+
               | Src:Rise| Src:Fall| Src:Rise| Src:Fall|
Source Clock   |Dest:Rise|Dest:Rise|Dest:Fall|Dest:Fall|
---------------+---------+---------+---------+---------+
clock_27mhz    |    6.241|         |         |         |
---------------+---------+---------+---------+---------+


Analysis completed Tue Nov 14 18:36:11 2017 
--------------------------------------------------------------------------------

Trace Settings:
-------------------------
Trace Settings 

Peak Memory Usage: 339 MB



