--------------------------------------------------------------------------------
Release 10.1.03 Trace  (lin64)
Copyright (c) 1995-2008 Xilinx, Inc.  All rights reserved.

/afs/csail.mit.edu/proj/redsocs/Xilinx10.1/ISE/bin/lin64/unwrapped/trce -ise
/afs/athena.mit.edu/user/l/c/lc2017/Desktop/6.111_Final_Project/ProjectedPiano/SensorModule/SensorModule.ise
-intstyle ise -v 3 -s 4 -xml labkit labkit.ncd -o labkit.twr labkit.pcf -ucf
labkit.ucf

Design file:              labkit.ncd
Physical constraint file: labkit.pcf
Device,package,speed:     xc2v6000,bf957,-4 (PRODUCTION 1.121 2008-07-25, STEPPING level 0)
Report level:             verbose report

Environment Variable      Effect 
--------------------      ------ 
NONE                      No environment variables were set
--------------------------------------------------------------------------------

INFO:Timing:2698 - No timing constraints found, doing default enumeration.
INFO:Timing:2752 - To get complete path coverage, use the unconstrained paths 
   option. All paths that are not constrained will be reported in the 
   unconstrained paths section(s) of the report.
INFO:Timing:3339 - The clock-to-out numbers in this timing report are based on 
   a 50 Ohm transmission line loading model.  For the details of this model, 
   and for more information on accounting for different loading conditions, 
   please see the device datasheet.



Data Sheet report:
-----------------
All values displayed in nanoseconds (ns)

Setup/Hold to clock clock_27mhz
------------+------------+------------+--------------------+--------+
            |  Setup to  |  Hold to   |                    | Clock  |
Source      | clk (edge) | clk (edge) |Internal Clock(s)   | Phase  |
------------+------------+------------+--------------------+--------+
button0     |    4.724(R)|   -1.940(R)|analyzer1_clock_OBUF|   0.000|
switch<0>   |    7.185(R)|   -5.187(R)|analyzer1_clock_OBUF|   0.000|
user3<0>    |    1.676(R)|   -1.404(R)|analyzer1_clock_OBUF|   0.000|
user3<1>    |    1.604(R)|   -1.332(R)|analyzer1_clock_OBUF|   0.000|
------------+------------+------------+--------------------+--------+

Clock clock_27mhz to Pad
------------------+------------+--------------------+--------+
                  | clk (edge) |                    | Clock  |
Destination       |   to PAD   |Internal Clock(s)   | Phase  |
------------------+------------+--------------------+--------+
analyzer1_data<0> |   15.831(R)|analyzer1_clock_OBUF|   0.000|
analyzer1_data<1> |   15.645(R)|analyzer1_clock_OBUF|   0.000|
analyzer1_data<2> |   15.968(R)|analyzer1_clock_OBUF|   0.000|
analyzer1_data<3> |   15.738(R)|analyzer1_clock_OBUF|   0.000|
analyzer1_data<4> |   15.038(R)|analyzer1_clock_OBUF|   0.000|
analyzer1_data<5> |   15.043(R)|analyzer1_clock_OBUF|   0.000|
analyzer1_data<6> |   15.337(R)|analyzer1_clock_OBUF|   0.000|
analyzer1_data<7> |   15.632(R)|analyzer1_clock_OBUF|   0.000|
analyzer1_data<8> |   13.066(R)|analyzer1_clock_OBUF|   0.000|
analyzer3_data<0> |   13.522(R)|analyzer1_clock_OBUF|   0.000|
analyzer3_data<1> |   12.614(R)|analyzer1_clock_OBUF|   0.000|
analyzer3_data<2> |   13.009(R)|analyzer1_clock_OBUF|   0.000|
analyzer3_data<3> |   12.639(R)|analyzer1_clock_OBUF|   0.000|
analyzer3_data<4> |   13.301(R)|analyzer1_clock_OBUF|   0.000|
analyzer3_data<5> |   13.689(R)|analyzer1_clock_OBUF|   0.000|
analyzer3_data<6> |   13.241(R)|analyzer1_clock_OBUF|   0.000|
analyzer3_data<7> |   13.198(R)|analyzer1_clock_OBUF|   0.000|
analyzer3_data<8> |   13.252(R)|analyzer1_clock_OBUF|   0.000|
analyzer3_data<9> |   13.777(R)|analyzer1_clock_OBUF|   0.000|
analyzer3_data<10>|   12.352(R)|analyzer1_clock_OBUF|   0.000|
analyzer3_data<11>|   15.463(R)|analyzer1_clock_OBUF|   0.000|
analyzer3_data<12>|   13.257(R)|analyzer1_clock_OBUF|   0.000|
analyzer3_data<13>|   13.874(R)|analyzer1_clock_OBUF|   0.000|
analyzer3_data<14>|   13.850(R)|analyzer1_clock_OBUF|   0.000|
analyzer3_data<15>|   13.664(R)|analyzer1_clock_OBUF|   0.000|
led<0>            |   19.283(R)|analyzer1_clock_OBUF|   0.000|
led<1>            |   17.909(R)|analyzer1_clock_OBUF|   0.000|
led<2>            |   18.906(R)|analyzer1_clock_OBUF|   0.000|
led<3>            |   19.790(R)|analyzer1_clock_OBUF|   0.000|
led<4>            |   17.762(R)|analyzer1_clock_OBUF|   0.000|
user3<0>          |   13.600(R)|analyzer1_clock_OBUF|   0.000|
user3<1>          |   14.208(R)|analyzer1_clock_OBUF|   0.000|
user3<4>          |   14.591(R)|analyzer1_clock_OBUF|   0.000|
------------------+------------+--------------------+--------+

Clock to Setup on destination clock clock_27mhz
---------------+---------+---------+---------+---------+
               | Src:Rise| Src:Fall| Src:Rise| Src:Fall|
Source Clock   |Dest:Rise|Dest:Rise|Dest:Fall|Dest:Fall|
---------------+---------+---------+---------+---------+
clock_27mhz    |    8.302|         |         |         |
---------------+---------+---------+---------+---------+

Pad to Pad
---------------+------------------+---------+
Source Pad     |Destination Pad   |  Delay  |
---------------+------------------+---------+
clock_27mhz    |analyzer1_clock   |   11.421|
clock_27mhz    |analyzer3_clock   |   10.894|
user3<0>       |analyzer1_data<9> |    9.115|
user3<1>       |analyzer1_data<10>|    9.358|
---------------+------------------+---------+


Analysis completed Thu Dec  7 23:39:45 2017 
--------------------------------------------------------------------------------

Trace Settings:
-------------------------
Trace Settings 

Peak Memory Usage: 366 MB



