MO FIFO NULL ./FIFO.v vlg7C/_f_i_f_o.bin 1510879700
MO divider NULL "../../../6.111 Labs/Lab4/ISE/CarAlarm/divider.v" vlg4B/divider.bin 1510865600
MO i2c_read_reg NULL i2c_read_reg.v vlg0A/i2c__read__reg.bin 1510879700
MO Timer NULL "../../../6.111 Labs/Lab4/ISE/CarAlarm/Timer.v" vlg69/_timer.bin 1510865600
MO i2c_master NULL i2c_master.v vlg65/i2c__master.bin 1510865600
MO debounce NULL "../../../6.111 Labs/Lab2/ise/lab2_3/display/debounce.v" vlg1D/debounce.bin 1510865600
MO labkit NULL labkit.v vlg7B/labkit.bin 1510865600
MO i2c_write_reg NULL i2c_write_reg.v vlg79/i2c__write__reg.bin 1510879381
MO axis_fifo NULL axis_fifo.v vlg44/axis__fifo.bin 1510178557
